LOCAL DRAM:
1687 2033: 00 00 00 00 00 00 00 00 00 00 00 00 00 00 00 00 00 00 00 00 00 00 00 00 00 00 00 00 00 00 00 00 00 00 00 00 00 00 00 00 00 00 00 00 00 00 00 00 00 00 00 00 00 00 00 00 00 00 00 00 00 00 00 00
1587 2080: 00 00 00 00 00 00 00 00 00 00 00 00 00 00 00 00 00 00 00 00 00 00 00 00 00 00 00 00 00 00 00 00 00 00 00 00 00 00 00 00 00 00 00 00 00 00 00 00 00 00 00 00 00 00 00 00 00 00 00 00 00 00 00 00

RQ:

TQ:
102.52.229.159|172.131.17.206|3|5466|12|180|12|43 05 16 cd 47 b4 bb eb af f8 41 dd 8c a0 7f 88 c1 18 93 75 ba c3 ae bb 35 3a 37 26 7a 6a a7 7d
138.189.141.25|1.101.75.225|55|5793|727|2225|6|b0 21 fd 0a 2c a1 b1 d1 06 7a ea c1 30 0c ee c0 8b 97 a5 7b f0 d8 9e 2f 13 db 41 8e a0 c5 82 9c
137.22.109.107|97.240.245.196|243|5420|2383|1775|13|16 08 1d dd e2 15 b7 88 5a f4 38 42 38 2e 56 54 fc cc 51 c1 78 cb 04 ad cf 49 0d 37 6d bb 04 e2
185.166.28.32|16.201.26.209|147|5830|4826|4374|6|ff 8b 6f 38 29 59 e9 d9 d5 48 d9 ea 97 28 50 77 97 0c 84 ed 6e fb 7f 23 ab da 04 e0 c2 a5 14 dd
192.168.10.0|192.93.36.97|152|5399|3208|3019|25|7f 07 08 f1 d1 64 2b 5d 4f 2f bb df 19 3c ab ac dd ff dd 8f 77 4f 50 d3 8f 44 bb 22 27 fb c8 1d
