LOCAL DRAM:
4413 763: 00 00 00 00 00 00 00 00 00 00 00 00 00 00 00 00 00 00 00 00 00 00 00 00 00 00 74 69 3d 44 57 2a ef bd ae 2d e6 ad d4 4c 0a f0 8a 13 fa 8d 1d 89 52 a9 bf 01 ce c5 04 f1 ba d3 00 00 00 00 00 00

RQ:
55.8.112.22|192.168.10.119|213|5331|3593|623|30|f6 af f1 9e 57 2b 33 6c 3b 6c c8 a7 86 52 41 01 a8 c7 2e e6 d1 85 e8 c8 27 91 17 77 08 d1 a7 d6

TQ:
140.60.40.54|111.36.177.29|31|4833|102|4581|1|08 c9 3a 1a d2 23 5c 14 78 4d 0c 04 0e d5 ab ab d9 96 fc d6 f7 55 85 00 bb 6d c4 ea 14 01 4f fa
192.168.10.0|131.8.46.126|60|4599|3037|235|28|49 c8 5e 08 82 18 28 2c fa 46 00 6f 43 21 16 50 8a ed 3a 0c c4 f9 93 42 9a 25 c6 d5 84 d2 3e 08
218.202.7.127|52.74.255.103|173|5605|2775|3172|4|e4 54 de f5 aa e2 19 8c 99 b8 1d 2f c5 06 67 67 87 4a 87 19 79 57 57 62 fb 6b 28 d3 37 51 e5 9b
192.168.10.0|154.170.170.84|120|4649|1698|1109|3|4d f2 7f 8f 44 77 b2 b6 16 f0 44 2c 22 fb 0d 04 f1 0c 45 50 8a 79 43 4f f8 64 37 d1 16 05 06 39
